BL51 BANKED LINKER/LOCATER V6.22                                                        07/28/2019  15:47:04  PAGE 1


BL51 BANKED LINKER/LOCATER V6.22, INVOKED BY:
E:\\C51\BIN\BL51.EXE STARTUP.obj, test.obj TO test


MEMORY MODEL: SMALL


INPUT MODULES INCLUDED:
  STARTUP.obj (?C_STARTUP)
  test.obj (TEST)


LINK MAP OF MODULE:  test (?C_STARTUP)


            TYPE    BASE      LENGTH    RELOCATION   SEGMENT NAME
            -----------------------------------------------------

            * * * * * * *   D A T A   M E M O R Y   * * * * * * *
            REG     0000H     0008H     ABSOLUTE     "REG BANK 0"
            DATA    0008H     0001H     UNIT         ?DT?TEST
            IDATA   0009H     0001H     UNIT         ?STACK

            * * * * * * *   C O D E   M E M O R Y   * * * * * * *
            CODE    0000H     0003H     ABSOLUTE     
            CODE    0003H     001AH     UNIT         ?PR?BLUETEETHINIT?TEST
                    001DH     0006H                  *** GAP ***
            CODE    0023H     0003H     ABSOLUTE     
            CODE    0026H     0026H     UNIT         ?PR?MAIN?TEST
            CODE    004CH     000EH     UNIT         ?PR?SERIAL?TEST
            CODE    005AH     000CH     UNIT         ?C_C51STARTUP



OVERLAY MAP OF MODULE:   test (?C_STARTUP)


SEGMENT
  +--> CALLED SEGMENT
---------------------
?C_C51STARTUP
  +--> ?PR?MAIN?TEST

?PR?MAIN?TEST
  +--> ?PR?BLUETEETHINIT?TEST



SYMBOL TABLE OF MODULE:  test (?C_STARTUP)

  VALUE           TYPE          NAME
  ----------------------------------

  -------         MODULE        ?C_STARTUP
  C:005AH         SEGMENT       ?C_C51STARTUP
  I:0009H         SEGMENT       ?STACK
  C:0000H         PUBLIC        ?C_STARTUP
  D:00E0H         SYMBOL        ACC
BL51 BANKED LINKER/LOCATER V6.22                                                      07/28/2019  15:47:04  PAGE 2


  D:00F0H         SYMBOL        B
  D:0083H         SYMBOL        DPH
  D:0082H         SYMBOL        DPL
  N:0000H         SYMBOL        IBPSTACK
  N:0100H         SYMBOL        IBPSTACKTOP
  N:0080H         SYMBOL        IDATALEN
  C:005DH         SYMBOL        IDATALOOP
  N:0000H         SYMBOL        PBPSTACK
  N:0100H         SYMBOL        PBPSTACKTOP
  N:0000H         SYMBOL        PDATALEN
  N:0000H         SYMBOL        PDATASTART
  N:0000H         SYMBOL        PPAGE
  N:0000H         SYMBOL        PPAGEENABLE
  D:00A0H         SYMBOL        PPAGE_SFR
  D:0081H         SYMBOL        SP
  C:005AH         SYMBOL        STARTUP1
  N:0000H         SYMBOL        XBPSTACK
  N:0000H         SYMBOL        XBPSTACKTOP
  N:0000H         SYMBOL        XDATALEN
  N:0000H         SYMBOL        XDATASTART
  C:0000H         LINE#         126
  C:005AH         LINE#         133
  C:005CH         LINE#         134
  C:005DH         LINE#         135
  C:005EH         LINE#         136
  C:0060H         LINE#         185
  C:0063H         LINE#         196
  -------         ENDMOD        ?C_STARTUP

  -------         MODULE        TEST
  C:0000H         SYMBOL        _ICE_DUMMY_
  D:0090H         PUBLIC        P1
  D:00B0H         PUBLIC        P3
  B:00A8H.7       PUBLIC        EA
  D:00A8H         PUBLIC        IE
  B:0090H.0       PUBLIC        P1_0
  B:0090H.3       PUBLIC        P1_3
  B:00A8H.4       PUBLIC        ES
  D:00B8H         PUBLIC        IP
  B:0098H.0       PUBLIC        RI
  B:0098H.1       PUBLIC        TI
  C:0026H         PUBLIC        main
  D:0099H         PUBLIC        SBUF
  D:0087H         PUBLIC        PCON
  D:0098H         PUBLIC        SCON
  D:0089H         PUBLIC        TMOD
  D:0088H         PUBLIC        TCON
  C:0003H         PUBLIC        BlueteethInit
  D:008DH         PUBLIC        TH1
  D:008BH         PUBLIC        TL1
  B:0088H.6       PUBLIC        TR1
  C:004CH         PUBLIC        Serial
  B:0098H.4       PUBLIC        REN
  D:00C8H         PUBLIC        T2CON
  D:0008H         PUBLIC        tempbuf
  D:00D0H         PUBLIC        PSW
  -------         PROC          BLUETEETHINIT
BL51 BANKED LINKER/LOCATER V6.22                                                      07/28/2019  15:47:04  PAGE 3


  C:0003H         LINE#         9
  C:0003H         LINE#         10
  C:0003H         LINE#         11
  C:0006H         LINE#         12
  C:0009H         LINE#         13
  C:000CH         LINE#         15
  C:000EH         LINE#         17
  C:0011H         LINE#         18
  C:0014H         LINE#         20
  C:0016H         LINE#         22
  C:0018H         LINE#         23
  C:001AH         LINE#         25
  C:001CH         LINE#         26
  -------         ENDPROC       BLUETEETHINIT
  -------         PROC          MAIN
  C:0026H         LINE#         28
  C:0026H         LINE#         29
  C:0026H         LINE#         30
  C:0029H         LINE#         31
  C:002BH         LINE#         32
  C:002DH         LINE#         33
  C:002FH         LINE#         34
  C:002FH         LINE#         35
  C:002FH         LINE#         36
  C:0034H         LINE#         37
  C:0036H         LINE#         38
  C:003AH         LINE#         39
  C:003CH         LINE#         40
  C:0041H         LINE#         41
  C:0043H         LINE#         42
  C:0048H         LINE#         43
  C:004AH         LINE#         44
  -------         ENDPROC       MAIN
  -------         PROC          SERIAL
  C:004CH         LINE#         47
  C:004CH         LINE#         49
  C:004FH         LINE#         50
  C:0051H         LINE#         51
  C:0054H         LINE#         52
  C:0057H         LINE#         53
  C:0059H         LINE#         54
  -------         ENDPROC       SERIAL
  -------         ENDMOD        TEST

Program Size: data=10.0 xdata=0 code=96
LINK/LOCATE RUN COMPLETE.  0 WARNING(S),  0 ERROR(S)
